{"connector_id":"grid/intensity/mock","connector_version":"0.1.0","payload":{"metadata":{"algorithm":"seasonal_sinusoid","connector":"grid/intensity/mock","data_points":24,"region_offset":21,"seed":"52c9b9e5592b7a03562d9047a5c51ef9a805b37f91dcef4d0ecdd87eb68d4c2d","version":"0.1.0"},"region":"EU-DE","resolution":"hour","series":[{"quality":"simulated","ts":"2025-01-01T00:00:00Z","unit":"gCO2/kWh","value":"321"},{"quality":"simulated","ts":"2025-01-01T01:00:00Z","unit":"gCO2/kWh","value":"372.8"},{"quality":"simulated","ts":"2025-01-01T02:00:00Z","unit":"gCO2/kWh","value":"421"},{"quality":"simulated","ts":"2025-01-01T03:00:00Z","unit":"gCO2/kWh","value":"462.4"},{"quality":"simulated","ts":"2025-01-01T04:00:00Z","unit":"gCO2/kWh","value":"494.2"},{"quality":"simulated","ts":"2025-01-01T05:00:00Z","unit":"gCO2/kWh","value":"514.2"},{"quality":"simulated","ts":"2025-01-01T06:00:00Z","unit":"gCO2/kWh","value":"521"},{"quality":"simulated","ts":"2025-01-01T07:00:00Z","unit":"gCO2/kWh","value":"514.2"},{"quality":"simulated","ts":"2025-01-01T08:00:00Z","unit":"gCO2/kWh","value":"494.2"},{"quality":"simulated","ts":"2025-01-01T09:00:00Z","unit":"gCO2/kWh","value":"462.4"},{"quality":"simulated","ts":"2025-01-01T10:00:00Z","unit":"gCO2/kWh","value":"421"},{"quality":"simulated","ts":"2025-01-01T11:00:00Z","unit":"gCO2/kWh","value":"372.8"},{"quality":"simulated","ts":"2025-01-01T12:00:00Z","unit":"gCO2/kWh","value":"321"},{"quality":"simulated","ts":"2025-01-01T13:00:00Z","unit":"gCO2/kWh","value":"269.2"},{"quality":"simulated","ts":"2025-01-01T14:00:00Z","unit":"gCO2/kWh","value":"221"},{"quality":"simulated","ts":"2025-01-01T15:00:00Z","unit":"gCO2/kWh","value":"179.6"},{"quality":"simulated","ts":"2025-01-01T16:00:00Z","unit":"gCO2/kWh","value":"147.8"},{"quality":"simulated","ts":"2025-01-01T17:00:00Z","unit":"gCO2/kWh","value":"127.8"},{"quality":"simulated","ts":"2025-01-01T18:00:00Z","unit":"gCO2/kWh","value":"121"},{"quality":"simulated","ts":"2025-01-01T19:00:00Z","unit":"gCO2/kWh","value":"127.8"},{"quality":"simulated","ts":"2025-01-01T20:00:00Z","unit":"gCO2/kWh","value":"147.8"},{"quality":"simulated","ts":"2025-01-01T21:00:00Z","unit":"gCO2/kWh","value":"179.6"},{"quality":"simulated","ts":"2025-01-01T22:00:00Z","unit":"gCO2/kWh","value":"221"},{"quality":"simulated","ts":"2025-01-01T23:00:00Z","unit":"gCO2/kWh","value":"269.2"}],"unit":"gCO2/kWh"},"provenance":{"connector_id":"grid/intensity/mock","connector_version":"0.1.0","metadata":{"data_points":24,"end":"2025-01-02T00:00:00+00:00","region":"EU-DE","resolution":"hour","start":"2025-01-01T00:00:00+00:00"},"mode":"record","query_hash":"a93849ca684b28dd6b3c62e297c82c5ac06aa651d4dae01f91c30cec81910beb","schema_hash":"2cf663a8a03d50acb0c1df2fba40940ffb4f63f0d1882a6386a70320e2bc06f6","seed":"52c9b9e5592b7a03562d9047a5c51ef9a805b37f91dcef4d0ecdd87eb68d4c2d","snapshot_id":"7b8e285e4e02f6bcee265deb5431f5168985f69e938df38c58f330b735d34416","timestamp":"2025-10-09T05:13:40.731180Z"},"schema":{"payload_model":"GridIntensityPayload","provenance_model":"ConnectorProvenance"}}