{"connector_id":"grid/intensity/mock","connector_version":"0.1.0","payload":{"metadata":{"algorithm":"seasonal_sinusoid","connector":"grid/intensity/mock","data_points":48,"region_offset":84,"seed":"26dc260e7a59ea86a53769733004681e1fba6c8392198e15bed7114a3ae1319c","version":"0.1.0"},"region":"US-CAISO","resolution":"hour","series":[{"quality":"simulated","ts":"2025-01-01T00:00:00Z","unit":"gCO2/kWh","value":"384"},{"quality":"simulated","ts":"2025-01-01T01:00:00Z","unit":"gCO2/kWh","value":"435.8"},{"quality":"simulated","ts":"2025-01-01T02:00:00Z","unit":"gCO2/kWh","value":"484"},{"quality":"simulated","ts":"2025-01-01T03:00:00Z","unit":"gCO2/kWh","value":"525.4"},{"quality":"simulated","ts":"2025-01-01T04:00:00Z","unit":"gCO2/kWh","value":"557.2"},{"quality":"simulated","ts":"2025-01-01T05:00:00Z","unit":"gCO2/kWh","value":"577.2"},{"quality":"simulated","ts":"2025-01-01T06:00:00Z","unit":"gCO2/kWh","value":"584"},{"quality":"simulated","ts":"2025-01-01T07:00:00Z","unit":"gCO2/kWh","value":"577.2"},{"quality":"simulated","ts":"2025-01-01T08:00:00Z","unit":"gCO2/kWh","value":"557.2"},{"quality":"simulated","ts":"2025-01-01T09:00:00Z","unit":"gCO2/kWh","value":"525.4"},{"quality":"simulated","ts":"2025-01-01T10:00:00Z","unit":"gCO2/kWh","value":"484"},{"quality":"simulated","ts":"2025-01-01T11:00:00Z","unit":"gCO2/kWh","value":"435.8"},{"quality":"simulated","ts":"2025-01-01T12:00:00Z","unit":"gCO2/kWh","value":"384"},{"quality":"simulated","ts":"2025-01-01T13:00:00Z","unit":"gCO2/kWh","value":"332.2"},{"quality":"simulated","ts":"2025-01-01T14:00:00Z","unit":"gCO2/kWh","value":"284"},{"quality":"simulated","ts":"2025-01-01T15:00:00Z","unit":"gCO2/kWh","value":"242.6"},{"quality":"simulated","ts":"2025-01-01T16:00:00Z","unit":"gCO2/kWh","value":"210.8"},{"quality":"simulated","ts":"2025-01-01T17:00:00Z","unit":"gCO2/kWh","value":"190.8"},{"quality":"simulated","ts":"2025-01-01T18:00:00Z","unit":"gCO2/kWh","value":"184"},{"quality":"simulated","ts":"2025-01-01T19:00:00Z","unit":"gCO2/kWh","value":"190.8"},{"quality":"simulated","ts":"2025-01-01T20:00:00Z","unit":"gCO2/kWh","value":"210.8"},{"quality":"simulated","ts":"2025-01-01T21:00:00Z","unit":"gCO2/kWh","value":"242.6"},{"quality":"simulated","ts":"2025-01-01T22:00:00Z","unit":"gCO2/kWh","value":"284"},{"quality":"simulated","ts":"2025-01-01T23:00:00Z","unit":"gCO2/kWh","value":"332.2"},{"quality":"simulated","ts":"2025-01-02T00:00:00Z","unit":"gCO2/kWh","value":"384"},{"quality":"simulated","ts":"2025-01-02T01:00:00Z","unit":"gCO2/kWh","value":"435.8"},{"quality":"simulated","ts":"2025-01-02T02:00:00Z","unit":"gCO2/kWh","value":"484"},{"quality":"simulated","ts":"2025-01-02T03:00:00Z","unit":"gCO2/kWh","value":"525.4"},{"quality":"simulated","ts":"2025-01-02T04:00:00Z","unit":"gCO2/kWh","value":"557.2"},{"quality":"simulated","ts":"2025-01-02T05:00:00Z","unit":"gCO2/kWh","value":"577.2"},{"quality":"simulated","ts":"2025-01-02T06:00:00Z","unit":"gCO2/kWh","value":"584"},{"quality":"simulated","ts":"2025-01-02T07:00:00Z","unit":"gCO2/kWh","value":"577.2"},{"quality":"simulated","ts":"2025-01-02T08:00:00Z","unit":"gCO2/kWh","value":"557.2"},{"quality":"simulated","ts":"2025-01-02T09:00:00Z","unit":"gCO2/kWh","value":"525.4"},{"quality":"simulated","ts":"2025-01-02T10:00:00Z","unit":"gCO2/kWh","value":"484"},{"quality":"simulated","ts":"2025-01-02T11:00:00Z","unit":"gCO2/kWh","value":"435.8"},{"quality":"simulated","ts":"2025-01-02T12:00:00Z","unit":"gCO2/kWh","value":"384"},{"quality":"simulated","ts":"2025-01-02T13:00:00Z","unit":"gCO2/kWh","value":"332.2"},{"quality":"simulated","ts":"2025-01-02T14:00:00Z","unit":"gCO2/kWh","value":"284"},{"quality":"simulated","ts":"2025-01-02T15:00:00Z","unit":"gCO2/kWh","value":"242.6"},{"quality":"simulated","ts":"2025-01-02T16:00:00Z","unit":"gCO2/kWh","value":"210.8"},{"quality":"simulated","ts":"2025-01-02T17:00:00Z","unit":"gCO2/kWh","value":"190.8"},{"quality":"simulated","ts":"2025-01-02T18:00:00Z","unit":"gCO2/kWh","value":"184"},{"quality":"simulated","ts":"2025-01-02T19:00:00Z","unit":"gCO2/kWh","value":"190.8"},{"quality":"simulated","ts":"2025-01-02T20:00:00Z","unit":"gCO2/kWh","value":"210.8"},{"quality":"simulated","ts":"2025-01-02T21:00:00Z","unit":"gCO2/kWh","value":"242.6"},{"quality":"simulated","ts":"2025-01-02T22:00:00Z","unit":"gCO2/kWh","value":"284"},{"quality":"simulated","ts":"2025-01-02T23:00:00Z","unit":"gCO2/kWh","value":"332.2"}],"unit":"gCO2/kWh"},"provenance":{"connector_id":"grid/intensity/mock","connector_version":"0.1.0","metadata":{"data_points":48,"end":"2025-01-03T00:00:00+00:00","region":"US-CAISO","resolution":"hour","start":"2025-01-01T00:00:00+00:00"},"mode":"record","query_hash":"e5fa44a7d2ed2e8732f2248d2db2c9fb16071abe3503056394326a658fb329e9","schema_hash":"2cf663a8a03d50acb0c1df2fba40940ffb4f63f0d1882a6386a70320e2bc06f6","seed":"26dc260e7a59ea86a53769733004681e1fba6c8392198e15bed7114a3ae1319c","snapshot_id":"2b9e35667505df0f9a8d0570531cce65eaa86728d59236f0d3992404aaa09dc1","timestamp":"2025-10-09T05:13:40.726619Z"},"schema":{"payload_model":"GridIntensityPayload","provenance_model":"ConnectorProvenance"}}