{
  "message": "Total emissions are 500.00 kgCO2e.",
  "provenance": [
    {
      "path": "$.emissions",
      "quantity": {
        "unit": "kgCO2e",
        "value": 500.0
      },
      "source_call_id": "tc_1"
    }
  ]
}