{
  "pipeline_hash": "a7f2b9c4e5d8f1a3b6c9d2e5f8a1b4c7d0e3f6a9b2c5d8e1f4a7b0c3d6e9f2",
  "pipeline_version": "0.1",
  "pack_version": "0.2.0",
  "execution_time_s": 12.5,
  "timestamp": "2025-01-01T10:00:00Z",
  "status": "success",
  "metrics": {
    "solar_fraction": 0.28,
    "co2e_avoided_tons": 425,
    "fuel_saved_mmbtu": 7500,
    "payback_years": 4.2,
    "npv_usd": 850000,
    "irr": 0.23
  },
  "artifacts": {
    "report_pdf": "artifacts/report_20250101_100000.pdf",
    "report_html": "artifacts/report_20250101_100000.html",
    "hourly_profile": "artifacts/hourly_profile_20250101_100000.csv"
  },
  "intermediate_results": {
    "baseline": {
      "fuel_consumption_annual": 26785,
      "steam_production_annual": 54000,
      "emissions_baseline": 1517,
      "fuel_cost_annual": 214280
    },
    "solar_resource": {
      "dni_annual_kwh_m2": 2150,
      "peak_month_dni": 285,
      "solar_hours_annual": 2920
    },
    "solar_offset": {
      "solar_heat_annual_mwh": 1677,
      "fuel_saved_annual": 7500,
      "solar_fraction_actual": 0.28,
      "peak_hour_contribution": 0.65
    },
    "carbon": {
      "co2e_avoided_tons": 425,
      "emissions_intensity_reduction": 0.28,
      "carbon_price_value": 21250
    },
    "economics": {
      "capex_total": 300000,
      "opex_annual": 6000,
      "savings_annual": 71250,
      "payback_years": 4.2,
      "irr": 0.23,
      "npv": 850000
    }
  },
  "validation": {
    "energy_balance_error": 0.002,
    "mass_balance_error": 0.001,
    "economic_model_r2": 0.998
  },
  "metadata": {
    "gl_version": "0.1.0",
    "python_version": "3.10.0",
    "platform": "linux",
    "run_id": "run_20250101_100000_a7f2b9c4"
  }
}