{
  "building_size_sqft": 50000,
  "location": "IN-North",
  "boiler_age_years": 10,
  "solar_panel_area_sqm": 100,
  "annual_operating_hours": 2000
}